GAMS 24.1.3  r41464 Released Jul 26, 2013 WEX-WEI x86_64/MS Windows                                                                                                                                                                    03/25/14 01:00:42 Page 1
G e n e r a l   A l g e b r a i c   M o d e l i n g   S y s t e m
C o m p i l a t i o n


   1  set
   2    j Arbeitsgang
   3    t Periode
   4    r Ressource;
   5   
   6  alias(t,q);
   7  alias(h,j);
   8   
   9  set
  10    VN(h,j) Vorgänger-Nachfolger-Relation zwischen h und j;
  11   
  12  parameter
  13    d(j)    Dauer des Arbeitsgangs j
  14    FEZ(j)  fruehestmoeglicher Endtermin des Arbeitsgangs j
  15    k(j,r)  Kapazitaetsbedarf des Arbeitsgangs j bezueglich der Ressource r je Periode
  16    Kap(r)  Periodenkapazitaet der Ressource r
  17    SEZ(j)  spaetestzulaessiger Endtermin des Arbeitsgangs j   ;
  18   
  19  binary variables
  20   
  21    x(j,t)  nimmt den Wert 1 an wenn der Arbeitsgang j in Periode t beendet wird und 0 sonst;
  22   
  23  free variables
  24    z       Zielfunktionswert;
  25   
INCLUDE    C:\Sites\RCPSP23\inputfile.inc
  27  set r /
  28  r7
  29  /;
  30   
  31  set j /
  32  Q
  33  j46
  34  j47
  35  j48
  36  j49
  37  j50
  38  j51
  39  j52
  40  j53
  41  j54
  42  S
  43  /;
  44   
  45  set t /t0*t33/;
  46   
  47  VN(h,j)=no;
  48  VN('Q','j46')=yes;
  49  VN('j46','S')=yes;
  50  VN('Q','j47')=yes;
  51  VN('j47','S')=yes;
  52  VN('Q','j48')=yes;
  53  VN('j48','S')=yes;
GAMS 24.1.3  r41464 Released Jul 26, 2013 WEX-WEI x86_64/MS Windows                                                                                                                                                                    03/25/14 01:00:42 Page 2
G e n e r a l   A l g e b r a i c   M o d e l i n g   S y s t e m
C o m p i l a t i o n


  54  VN('Q','j49')=yes;
  55  VN('j49','S')=yes;
  56  VN('Q','j50')=yes;
  57  VN('j50','S')=yes;
  58  VN('Q','j51')=yes;
  59  VN('j51','S')=yes;
  60  VN('Q','j52')=yes;
  61  VN('j52','S')=yes;
  62  VN('Q','j53')=yes;
  63  VN('j53','S')=yes;
  64  VN('Q','j54')=yes;
  65  VN('j54','S')=yes;
  66   
  67  VN('j46','j47')=yes;
  68  VN('j46','j48')=yes;
  69  VN('j47','j49')=yes;
  70  VN('j48','j52')=yes;
  71  VN('j49','j50')=yes;
  72  VN('j49','j51')=yes;
  73  VN('j50','j53')=yes;
  74  VN('j50','j54')=yes;
  75  VN('j51','j52')=yes;
  76  VN('j52','j54')=yes;
  77   
  78  parameter
  79  d(j) /
  80  Q   0
  81  S   0
  82  j46   2
  83  j47   4
  84  j48   3
  85  j49   7
  86  j50   2
  87  j51   1
  88  j52   5
  89  j53   2
  90  j54   7
  91  /
  92  FEZ(j) /
  93  Q   0
  94  S   0
  95  j46   2
  96  j47   6
  97  j48   5
  98  j49   13
  99  j50   15
 100  j51   14
 101  j52   19
 102  j53   17
 103  j54   26
 104  /
 105  SEZ(j) /
 106  Q   0
GAMS 24.1.3  r41464 Released Jul 26, 2013 WEX-WEI x86_64/MS Windows                                                                                                                                                                    03/25/14 01:00:42 Page 3
G e n e r a l   A l g e b r a i c   M o d e l i n g   S y s t e m
C o m p i l a t i o n


 107  S 33
 108  j46   2
 109  j47   6
 110  j48   14
 111  j49   13
 112  j50   19
 113  j51   14
 114  j52   19
 115  j53   26
 116  j54   26
 117  /
 118  Kap(r) /
 119  r7   9
 120  /;
 121   
 122  k(j,r)=0;
 123  k('j46','r7')=1;
 124  k('j47','r7')=2;
 125  k('j48','r7')=6;
 126  k('j49','r7')=1;
 127  k('j50','r7')=1;
 128  k('j51','r7')=2;
 129  k('j52','r7')=2;
 130  k('j53','r7')=1;
 131  k('j54','r7')=8;
 132   
 133   
 134  Equations
 135      Zielfunktion
 136      JederVorgangEinmal(j)
 137      Projektstruktur(h,j)
 138      Kapazitaetsrestriktion(r,t);
 139   
 140  Zielfunktion..
 141      z=e=sum(j$(ord(j)=card(J)),sum(t$(FEZ(j)<=ord(t)-1 and ord(t)-1 <= SEZ(j)), (ord(t)-1)*x(j,t)));
 142   
 143  JederVorgangEinmal(j)..
 144      sum(t$(FEZ(j)<=ord(t)-1 and ord(t)-1 <= SEZ(j)), x(j,t)) =e= 1;
 145   
 146  Projektstruktur(h,j)$VN(h,j)..
 147      sum(t$(FEZ(h)<=ord(t)-1 and ord(t)-1 <= SEZ(h)), (ord(t)-1)*x(h,t))  =l=
 148      sum(t$(FEZ(j)<=ord(t)-1 and ord(t)-1 <= SEZ(j)), (ord(t)-1-d(j))*x(j,t));
 149   
 150  Kapazitaetsrestriktion(r,t)..
 151      sum(j,k(j,r)*sum(q$(ord(q)-1>=ord(t)-1 and ord(q)-1<=ord(t)-1+d(j)-1),x(j,q)))=l=Kap(r);
 152   
 153  model RCPSP /
 154      Zielfunktion
 155      JederVorgangEinmal
 156      Projektstruktur
 157      Kapazitaetsrestriktion
 158      /;
 159   
GAMS 24.1.3  r41464 Released Jul 26, 2013 WEX-WEI x86_64/MS Windows                                                                                                                                                                    03/25/14 01:00:42 Page 4
G e n e r a l   A l g e b r a i c   M o d e l i n g   S y s t e m
C o m p i l a t i o n


 160  *Liefertermin muss verschoben werden, sonst keine zulaessige Loesung
 161  SEZ(j)=SEZ(j)+1;
 162   
 163  solve RCPSP minimizing z using mip;
 164   
 165  display x.l
 166   
 167  loop(t,
 168   x.l('Q',t)=0;
 169   x.l('S',t)=0;
 170  );
 171   
 172  file Outputfile / 'Outputfile.txt'/;
 173  put Outputfile;
 174   
 175  put 'Zielfunktionswert:  ',z.l /
 176   
 177  loop(j,
 178       loop(t,
 179           if(x.l(j,t)=1,
 180               put j.tl:0, ' ; ' ord(t):0 /
 181           );
 182       );
 183  );
 184   
 185  putclose outputfile;
 186   
GAMS 24.1.3  r41464 Released Jul 26, 2013 WEX-WEI x86_64/MS Windows                                                                                                                                                                    03/25/14 01:00:42 Page 5
G e n e r a l   A l g e b r a i c   M o d e l i n g   S y s t e m
Include File Summary


   SEQ   GLOBAL TYPE      PARENT   LOCAL  FILENAME

     1        1 INPUT          0       0  C:\Sites\RCPSP23\RCPSP_Modell.gms
     2       26 INCLUDE        1      26  .C:\Sites\RCPSP23\inputfile.inc


COMPILATION TIME     =        0.000 SECONDS      3 MB  24.1.3 r41464 WEX-WEI
GAMS 24.1.3  r41464 Released Jul 26, 2013 WEX-WEI x86_64/MS Windows                                                                                                                                                                    03/25/14 01:00:42 Page 6
G e n e r a l   A l g e b r a i c   M o d e l i n g   S y s t e m
Equation Listing    SOLVE RCPSP Using MIP From line 163


---- Zielfunktion  =E=  

Zielfunktion..  - x(S,t1) - 2*x(S,t2) - 3*x(S,t3) - 4*x(S,t4) - 5*x(S,t5) - 6*x(S,t6) - 7*x(S,t7) - 8*x(S,t8) - 9*x(S,t9) - 10*x(S,t10) - 11*x(S,t11) - 12*x(S,t12) - 13*x(S,t13) - 14*x(S,t14) - 15*x(S,t15) - 16*x(S,t16) - 17*x(S,t17) - 18*x(S,t18)
     
      - 19*x(S,t19) - 20*x(S,t20) - 21*x(S,t21) - 22*x(S,t22) - 23*x(S,t23) - 24*x(S,t24) - 25*x(S,t25) - 26*x(S,t26) - 27*x(S,t27) - 28*x(S,t28) - 29*x(S,t29) - 30*x(S,t30) - 31*x(S,t31) - 32*x(S,t32) - 33*x(S,t33) + z =E= 0 ; (LHS = 0)
     

---- JederVorgangEinmal  =E=  

JederVorgangEinmal(Q)..  x(Q,t0) + x(Q,t1) =E= 1 ; (LHS = 0, INFES = 1 ****)
     
JederVorgangEinmal(j46)..  x(j46,t2) + x(j46,t3) =E= 1 ; (LHS = 0, INFES = 1 ****)
     
JederVorgangEinmal(j47)..  x(j47,t6) + x(j47,t7) =E= 1 ; (LHS = 0, INFES = 1 ****)
     
REMAINING 8 ENTRIES SKIPPED


---- Projektstruktur  =L=  

Projektstruktur(Q,j46)..  x(Q,t1) - x(j46,t3) =L= 0 ; (LHS = 0)
     
Projektstruktur(Q,j47)..  x(Q,t1) - 2*x(j47,t6) - 3*x(j47,t7) =L= 0 ; (LHS = 0)
     
Projektstruktur(Q,j48)..  x(Q,t1) - 2*x(j48,t5) - 3*x(j48,t6) - 4*x(j48,t7) - 5*x(j48,t8) - 6*x(j48,t9) - 7*x(j48,t10) - 8*x(j48,t11) - 9*x(j48,t12) - 10*x(j48,t13) - 11*x(j48,t14) - 12*x(j48,t15) =L= 0 ; (LHS = 0)
     
REMAINING 25 ENTRIES SKIPPED


---- Kapazitaetsrestriktion  =L=  

Kapazitaetsrestriktion(r7,t0)..  x(j46,t0) + x(j46,t1) + 2*x(j47,t0) + 2*x(j47,t1) + 2*x(j47,t2) + 2*x(j47,t3) + 6*x(j48,t0) + 6*x(j48,t1) + 6*x(j48,t2) + x(j49,t0) + x(j49,t1) + x(j49,t2) + x(j49,t3) + x(j49,t4) + x(j49,t5) + x(j49,t6) + x(j50,t0)
     
      + x(j50,t1) + 2*x(j51,t0) + 2*x(j52,t0) + 2*x(j52,t1) + 2*x(j52,t2) + 2*x(j52,t3) + 2*x(j52,t4) + x(j53,t0) + x(j53,t1) + 8*x(j54,t0) + 8*x(j54,t1) + 8*x(j54,t2) + 8*x(j54,t3) + 8*x(j54,t4) + 8*x(j54,t5) + 8*x(j54,t6) =L= 9 ; (LHS = 0)
     
Kapazitaetsrestriktion(r7,t1)..  x(j46,t1) + x(j46,t2) + 2*x(j47,t1) + 2*x(j47,t2) + 2*x(j47,t3) + 2*x(j47,t4) + 6*x(j48,t1) + 6*x(j48,t2) + 6*x(j48,t3) + x(j49,t1) + x(j49,t2) + x(j49,t3) + x(j49,t4) + x(j49,t5) + x(j49,t6) + x(j49,t7) + x(j50,t1)
     
      + x(j50,t2) + 2*x(j51,t1) + 2*x(j52,t1) + 2*x(j52,t2) + 2*x(j52,t3) + 2*x(j52,t4) + 2*x(j52,t5) + x(j53,t1) + x(j53,t2) + 8*x(j54,t1) + 8*x(j54,t2) + 8*x(j54,t3) + 8*x(j54,t4) + 8*x(j54,t5) + 8*x(j54,t6) + 8*x(j54,t7) =L= 9 ; (LHS = 0)
     
Kapazitaetsrestriktion(r7,t2)..  x(j46,t2) + x(j46,t3) + 2*x(j47,t2) + 2*x(j47,t3) + 2*x(j47,t4) + 2*x(j47,t5) + 6*x(j48,t2) + 6*x(j48,t3) + 6*x(j48,t4) + x(j49,t2) + x(j49,t3) + x(j49,t4) + x(j49,t5) + x(j49,t6) + x(j49,t7) + x(j49,t8) + x(j50,t2)
     
      + x(j50,t3) + 2*x(j51,t2) + 2*x(j52,t2) + 2*x(j52,t3) + 2*x(j52,t4) + 2*x(j52,t5) + 2*x(j52,t6) + x(j53,t2) + x(j53,t3) + 8*x(j54,t2) + 8*x(j54,t3) + 8*x(j54,t4) + 8*x(j54,t5) + 8*x(j54,t6) + 8*x(j54,t7) + 8*x(j54,t8) =L= 9 ; (LHS = 0)
     
REMAINING 31 ENTRIES SKIPPED

GAMS 24.1.3  r41464 Released Jul 26, 2013 WEX-WEI x86_64/MS Windows                                                                                                                                                                    03/25/14 01:00:42 Page 7
G e n e r a l   A l g e b r a i c   M o d e l i n g   S y s t e m
Column Listing      SOLVE RCPSP Using MIP From line 163


---- x  nimmt den Wert 1 an wenn der Arbeitsgang j in Periode t beendet wird und 0 sonst

x(Q,t0)
                (.LO, .L, .UP, .M = 0, 0, 1, 0)
        1       JederVorgangEinmal(Q)

x(Q,t1)
                (.LO, .L, .UP, .M = 0, 0, 1, 0)
        1       JederVorgangEinmal(Q)
        1       Projektstruktur(Q,j46)
        1       Projektstruktur(Q,j47)
        1       Projektstruktur(Q,j48)
        1       Projektstruktur(Q,j49)
        1       Projektstruktur(Q,j50)
        1       Projektstruktur(Q,j51)
        1       Projektstruktur(Q,j52)
        1       Projektstruktur(Q,j53)
        1       Projektstruktur(Q,j54)

x(j46,t0)
                (.LO, .L, .UP, .M = 0, 0, 1, 0)
        1       Kapazitaetsrestriktion(r7,t0)

REMAINING 339 ENTRIES SKIPPED

---- z  Zielfunktionswert

z
                (.LO, .L, .UP, .M = -INF, 0, +INF, 0)
        1       Zielfunktion

GAMS 24.1.3  r41464 Released Jul 26, 2013 WEX-WEI x86_64/MS Windows                                                                                                                                                                    03/25/14 01:00:42 Page 8
G e n e r a l   A l g e b r a i c   M o d e l i n g   S y s t e m
Model Statistics    SOLVE RCPSP Using MIP From line 163


MODEL STATISTICS

BLOCKS OF EQUATIONS           4     SINGLE EQUATIONS           74
BLOCKS OF VARIABLES           2     SINGLE VARIABLES          343
NON ZERO ELEMENTS         1,632     DISCRETE VARIABLES        342


GENERATION TIME      =        0.016 SECONDS      4 MB  24.1.3 r41464 WEX-WEI


EXECUTION TIME       =        0.016 SECONDS      4 MB  24.1.3 r41464 WEX-WEI
GAMS 24.1.3  r41464 Released Jul 26, 2013 WEX-WEI x86_64/MS Windows                                                                                                                                                                    03/25/14 01:00:42 Page 9
G e n e r a l   A l g e b r a i c   M o d e l i n g   S y s t e m
Solution Report     SOLVE RCPSP Using MIP From line 163


               S O L V E      S U M M A R Y

     MODEL   RCPSP               OBJECTIVE  z
     TYPE    MIP                 DIRECTION  MINIMIZE
     SOLVER  CPLEX               FROM LINE  163

**** SOLVER STATUS     1 Normal Completion         
**** MODEL STATUS      1 Optimal                   
**** OBJECTIVE VALUE               26.0000

 RESOURCE USAGE, LIMIT          0.016      1000.000
 ITERATION COUNT, LIMIT         0    2000000000

IBM ILOG CPLEX   24.1.3 r41464 Released Jul 26, 2013 WEI x86_64/MS Windows    
--- GAMS/Cplex licensed for continuous and discrete problems.
Cplex 12.5.1.0

MIP status(101): integer optimal solution
Cplex Time: 0.00sec (det. 1.20 ticks)
Fixing integer variables, and solving final LP...
Fixed MIP status(1): optimal
Cplex Time: 0.00sec (det. 0.18 ticks)
Proven optimal solution.

MIP Solution:           26.000000    (0 iterations, 0 nodes)
Final Solve:            26.000000    (0 iterations)

Best possible:          26.000000
Absolute gap:            0.000000
Relative gap:            0.000000


                           LOWER          LEVEL          UPPER         MARGINAL

---- EQU Zielfunkt~          .              .              .             1.0000      

---- EQU JederVorgangEinmal  

           LOWER          LEVEL          UPPER         MARGINAL

Q           1.0000         1.0000         1.0000          .          
j46         1.0000         1.0000         1.0000          .          
j47         1.0000         1.0000         1.0000          .          
j48         1.0000         1.0000         1.0000          .          
j49         1.0000         1.0000         1.0000          .          
j50         1.0000         1.0000         1.0000          .          
j51         1.0000         1.0000         1.0000          .          
j52         1.0000         1.0000         1.0000          .          
j53         1.0000         1.0000         1.0000          .          
j54         1.0000         1.0000         1.0000          .          
S           1.0000         1.0000         1.0000          .          
GAMS 24.1.3  r41464 Released Jul 26, 2013 WEX-WEI x86_64/MS Windows                                                                                                                                                                   03/25/14 01:00:42 Page 10
G e n e r a l   A l g e b r a i c   M o d e l i n g   S y s t e m
Solution Report     SOLVE RCPSP Using MIP From line 163


---- EQU Projektstruktur  

               LOWER          LEVEL          UPPER         MARGINAL

Q  .j46        -INF             .              .              .          
Q  .j47        -INF           -2.0000          .              .          
Q  .j48        -INF           -5.0000          .              .          
Q  .j49        -INF           -6.0000          .              .          
Q  .j50        -INF          -13.0000          .              .          
Q  .j51        -INF          -13.0000          .              .          
Q  .j52        -INF          -14.0000          .              .          
Q  .j53        -INF          -23.0000          .              .          
Q  .j54        -INF          -19.0000          .              .          
j46.j47        -INF             .              .              .          
j46.j48        -INF           -3.0000          .              .          
j46.S          -INF          -24.0000          .              .          
j47.j49        -INF             .              .              .          
j47.S          -INF          -20.0000          .              .          
j48.j52        -INF           -6.0000          .              .          
j48.S          -INF          -18.0000          .              .          
j49.j50        -INF             .              .              .          
j49.j51        -INF             .              .              .          
j49.S          -INF          -13.0000          .              .          
j50.j53        -INF           -8.0000          .              .          
j50.j54        -INF           -4.0000          .              .          
j50.S          -INF          -11.0000          .              .          
j51.j52        -INF             .              .              .          
j51.S          -INF          -12.0000          .              .          
j52.j54        -INF             .              .              .          
j52.S          -INF           -7.0000          .              .          
j53.S          -INF           -1.0000          .              .          
j54.S          -INF             .              .              .          

---- EQU Kapazitaetsrestriktion  

              LOWER          LEVEL          UPPER         MARGINAL

r7.t0         -INF             .             9.0000          .          
r7.t1         -INF            1.0000         9.0000          .          
r7.t2         -INF            1.0000         9.0000          .          
r7.t3         -INF            2.0000         9.0000          .          
r7.t4         -INF            2.0000         9.0000          .          
r7.t5         -INF            2.0000         9.0000          .          
r7.t6         -INF            8.0000         9.0000          .          
r7.t7         -INF            7.0000         9.0000          .          
r7.t8         -INF            7.0000         9.0000          .          
r7.t9         -INF            1.0000         9.0000          .          
r7.t10        -INF            1.0000         9.0000          .          
r7.t11        -INF            1.0000         9.0000          .          
r7.t12        -INF            1.0000         9.0000          .          
r7.t13        -INF            1.0000         9.0000          .          
r7.t14        -INF            3.0000         9.0000          .          
r7.t15        -INF            3.0000         9.0000          .          
GAMS 24.1.3  r41464 Released Jul 26, 2013 WEX-WEI x86_64/MS Windows                                                                                                                                                                   03/25/14 01:00:42 Page 11
G e n e r a l   A l g e b r a i c   M o d e l i n g   S y s t e m
Solution Report     SOLVE RCPSP Using MIP From line 163


     EQU Kapazitaetsrestriktion  

              LOWER          LEVEL          UPPER         MARGINAL

r7.t16        -INF            2.0000         9.0000          .          
r7.t17        -INF            2.0000         9.0000          .          
r7.t18        -INF            2.0000         9.0000          .          
r7.t19        -INF            2.0000         9.0000          .          
r7.t20        -INF            8.0000         9.0000          .          
r7.t21        -INF            8.0000         9.0000          .          
r7.t22        -INF            8.0000         9.0000          .          
r7.t23        -INF            8.0000         9.0000          .          
r7.t24        -INF            9.0000         9.0000          .          
r7.t25        -INF            9.0000         9.0000          .          
r7.t26        -INF            8.0000         9.0000          .          
r7.t27        -INF             .             9.0000          .          
r7.t28        -INF             .             9.0000          .          
r7.t29        -INF             .             9.0000          .          
r7.t30        -INF             .             9.0000          .          
r7.t31        -INF             .             9.0000          .          
r7.t32        -INF             .             9.0000          .          
r7.t33        -INF             .             9.0000          .          

---- VAR x  nimmt den Wert 1 an wenn der Arbeitsgang j in Periode t beendet wird und 0 sonst

               LOWER          LEVEL          UPPER         MARGINAL

Q  .t0           .             1.0000         1.0000         EPS         
Q  .t1           .              .             1.0000         EPS         
j46.t0           .              .             1.0000         EPS         
j46.t1           .              .             1.0000         EPS         
j46.t2           .             1.0000         1.0000         EPS         
j46.t3           .              .             1.0000         EPS         
j46.t4           .              .             1.0000         EPS         
j46.t5           .              .             1.0000         EPS         
j46.t6           .              .             1.0000         EPS         
j46.t7           .              .             1.0000         EPS         
j46.t8           .              .             1.0000         EPS         
j46.t9           .              .             1.0000         EPS         
j46.t10          .              .             1.0000         EPS         
j46.t11          .              .             1.0000         EPS         
j46.t12          .              .             1.0000         EPS         
j46.t13          .              .             1.0000         EPS         
j46.t14          .              .             1.0000         EPS         
j46.t15          .              .             1.0000         EPS         
j46.t16          .              .             1.0000         EPS         
j46.t17          .              .             1.0000         EPS         
j46.t18          .              .             1.0000         EPS         
j46.t19          .              .             1.0000         EPS         
j46.t20          .              .             1.0000         EPS         
j46.t21          .              .             1.0000         EPS         
j46.t22          .              .             1.0000         EPS         
j46.t23          .              .             1.0000         EPS         
GAMS 24.1.3  r41464 Released Jul 26, 2013 WEX-WEI x86_64/MS Windows                                                                                                                                                                   03/25/14 01:00:42 Page 12
G e n e r a l   A l g e b r a i c   M o d e l i n g   S y s t e m
Solution Report     SOLVE RCPSP Using MIP From line 163


     VAR x  nimmt den Wert 1 an wenn der Arbeitsgang j in Periode t beendet wird und 0 sonst

               LOWER          LEVEL          UPPER         MARGINAL

j46.t24          .              .             1.0000         EPS         
j46.t25          .              .             1.0000         EPS         
j46.t26          .              .             1.0000         EPS         
j46.t27          .              .             1.0000         EPS         
j46.t28          .              .             1.0000         EPS         
j46.t29          .              .             1.0000         EPS         
j46.t30          .              .             1.0000         EPS         
j46.t31          .              .             1.0000         EPS         
j46.t32          .              .             1.0000         EPS         
j46.t33          .              .             1.0000         EPS         
j47.t0           .              .             1.0000         EPS         
j47.t1           .              .             1.0000         EPS         
j47.t2           .              .             1.0000         EPS         
j47.t3           .              .             1.0000         EPS         
j47.t4           .              .             1.0000         EPS         
j47.t5           .              .             1.0000         EPS         
j47.t6           .             1.0000         1.0000         EPS         
j47.t7           .              .             1.0000         EPS         
j47.t8           .              .             1.0000         EPS         
j47.t9           .              .             1.0000         EPS         
j47.t10          .              .             1.0000         EPS         
j47.t11          .              .             1.0000         EPS         
j47.t12          .              .             1.0000         EPS         
j47.t13          .              .             1.0000         EPS         
j47.t14          .              .             1.0000         EPS         
j47.t15          .              .             1.0000         EPS         
j47.t16          .              .             1.0000         EPS         
j47.t17          .              .             1.0000         EPS         
j47.t18          .              .             1.0000         EPS         
j47.t19          .              .             1.0000         EPS         
j47.t20          .              .             1.0000         EPS         
j47.t21          .              .             1.0000         EPS         
j47.t22          .              .             1.0000         EPS         
j47.t23          .              .             1.0000         EPS         
j47.t24          .              .             1.0000         EPS         
j47.t25          .              .             1.0000         EPS         
j47.t26          .              .             1.0000         EPS         
j47.t27          .              .             1.0000         EPS         
j47.t28          .              .             1.0000         EPS         
j47.t29          .              .             1.0000         EPS         
j47.t30          .              .             1.0000         EPS         
j47.t31          .              .             1.0000         EPS         
j47.t32          .              .             1.0000         EPS         
j47.t33          .              .             1.0000         EPS         
j48.t0           .              .             1.0000         EPS         
j48.t1           .              .             1.0000         EPS         
j48.t2           .              .             1.0000         EPS         
j48.t3           .              .             1.0000         EPS         
j48.t4           .              .             1.0000         EPS         
GAMS 24.1.3  r41464 Released Jul 26, 2013 WEX-WEI x86_64/MS Windows                                                                                                                                                                   03/25/14 01:00:42 Page 13
G e n e r a l   A l g e b r a i c   M o d e l i n g   S y s t e m
Solution Report     SOLVE RCPSP Using MIP From line 163


     VAR x  nimmt den Wert 1 an wenn der Arbeitsgang j in Periode t beendet wird und 0 sonst

               LOWER          LEVEL          UPPER         MARGINAL

j48.t5           .              .             1.0000         EPS         
j48.t6           .              .             1.0000         EPS         
j48.t7           .              .             1.0000         EPS         
j48.t8           .             1.0000         1.0000         EPS         
j48.t9           .              .             1.0000         EPS         
j48.t10          .              .             1.0000         EPS         
j48.t11          .              .             1.0000         EPS         
j48.t12          .              .             1.0000         EPS         
j48.t13          .              .             1.0000         EPS         
j48.t14          .              .             1.0000         EPS         
j48.t15          .              .             1.0000         EPS         
j48.t16          .              .             1.0000         EPS         
j48.t17          .              .             1.0000         EPS         
j48.t18          .              .             1.0000         EPS         
j48.t19          .              .             1.0000         EPS         
j48.t20          .              .             1.0000         EPS         
j48.t21          .              .             1.0000         EPS         
j48.t22          .              .             1.0000         EPS         
j48.t23          .              .             1.0000         EPS         
j48.t24          .              .             1.0000         EPS         
j48.t25          .              .             1.0000         EPS         
j48.t26          .              .             1.0000         EPS         
j48.t27          .              .             1.0000         EPS         
j48.t28          .              .             1.0000         EPS         
j48.t29          .              .             1.0000         EPS         
j48.t30          .              .             1.0000         EPS         
j48.t31          .              .             1.0000         EPS         
j48.t32          .              .             1.0000         EPS         
j48.t33          .              .             1.0000         EPS         
j49.t0           .              .             1.0000         EPS         
j49.t1           .              .             1.0000         EPS         
j49.t2           .              .             1.0000         EPS         
j49.t3           .              .             1.0000         EPS         
j49.t4           .              .             1.0000         EPS         
j49.t5           .              .             1.0000         EPS         
j49.t6           .              .             1.0000         EPS         
j49.t7           .              .             1.0000         EPS         
j49.t8           .              .             1.0000         EPS         
j49.t9           .              .             1.0000         EPS         
j49.t10          .              .             1.0000         EPS         
j49.t11          .              .             1.0000         EPS         
j49.t12          .              .             1.0000         EPS         
j49.t13          .             1.0000         1.0000         EPS         
j49.t14          .              .             1.0000         EPS         
j49.t15          .              .             1.0000         EPS         
j49.t16          .              .             1.0000         EPS         
j49.t17          .              .             1.0000         EPS         
j49.t18          .              .             1.0000         EPS         
j49.t19          .              .             1.0000         EPS         
GAMS 24.1.3  r41464 Released Jul 26, 2013 WEX-WEI x86_64/MS Windows                                                                                                                                                                   03/25/14 01:00:42 Page 14
G e n e r a l   A l g e b r a i c   M o d e l i n g   S y s t e m
Solution Report     SOLVE RCPSP Using MIP From line 163


     VAR x  nimmt den Wert 1 an wenn der Arbeitsgang j in Periode t beendet wird und 0 sonst

               LOWER          LEVEL          UPPER         MARGINAL

j49.t20          .              .             1.0000         EPS         
j49.t21          .              .             1.0000         EPS         
j49.t22          .              .             1.0000         EPS         
j49.t23          .              .             1.0000         EPS         
j49.t24          .              .             1.0000         EPS         
j49.t25          .              .             1.0000         EPS         
j49.t26          .              .             1.0000         EPS         
j49.t27          .              .             1.0000         EPS         
j49.t28          .              .             1.0000         EPS         
j49.t29          .              .             1.0000         EPS         
j49.t30          .              .             1.0000         EPS         
j49.t31          .              .             1.0000         EPS         
j49.t32          .              .             1.0000         EPS         
j49.t33          .              .             1.0000         EPS         
j50.t0           .              .             1.0000         EPS         
j50.t1           .              .             1.0000         EPS         
j50.t2           .              .             1.0000         EPS         
j50.t3           .              .             1.0000         EPS         
j50.t4           .              .             1.0000         EPS         
j50.t5           .              .             1.0000         EPS         
j50.t6           .              .             1.0000         EPS         
j50.t7           .              .             1.0000         EPS         
j50.t8           .              .             1.0000         EPS         
j50.t9           .              .             1.0000         EPS         
j50.t10          .              .             1.0000         EPS         
j50.t11          .              .             1.0000         EPS         
j50.t12          .              .             1.0000         EPS         
j50.t13          .              .             1.0000         EPS         
j50.t14          .              .             1.0000         EPS         
j50.t15          .             1.0000         1.0000         EPS         
j50.t16          .              .             1.0000         EPS         
j50.t17          .              .             1.0000         EPS         
j50.t18          .              .             1.0000         EPS         
j50.t19          .              .             1.0000         EPS         
j50.t20          .              .             1.0000         EPS         
j50.t21          .              .             1.0000         EPS         
j50.t22          .              .             1.0000         EPS         
j50.t23          .              .             1.0000         EPS         
j50.t24          .              .             1.0000         EPS         
j50.t25          .              .             1.0000         EPS         
j50.t26          .              .             1.0000         EPS         
j50.t27          .              .             1.0000         EPS         
j50.t28          .              .             1.0000         EPS         
j50.t29          .              .             1.0000         EPS         
j50.t30          .              .             1.0000         EPS         
j50.t31          .              .             1.0000         EPS         
j50.t32          .              .             1.0000         EPS         
j50.t33          .              .             1.0000         EPS         
j51.t0           .              .             1.0000         EPS         
GAMS 24.1.3  r41464 Released Jul 26, 2013 WEX-WEI x86_64/MS Windows                                                                                                                                                                   03/25/14 01:00:42 Page 15
G e n e r a l   A l g e b r a i c   M o d e l i n g   S y s t e m
Solution Report     SOLVE RCPSP Using MIP From line 163


     VAR x  nimmt den Wert 1 an wenn der Arbeitsgang j in Periode t beendet wird und 0 sonst

               LOWER          LEVEL          UPPER         MARGINAL

j51.t1           .              .             1.0000         EPS         
j51.t2           .              .             1.0000         EPS         
j51.t3           .              .             1.0000         EPS         
j51.t4           .              .             1.0000         EPS         
j51.t5           .              .             1.0000         EPS         
j51.t6           .              .             1.0000         EPS         
j51.t7           .              .             1.0000         EPS         
j51.t8           .              .             1.0000         EPS         
j51.t9           .              .             1.0000         EPS         
j51.t10          .              .             1.0000         EPS         
j51.t11          .              .             1.0000         EPS         
j51.t12          .              .             1.0000         EPS         
j51.t13          .              .             1.0000         EPS         
j51.t14          .             1.0000         1.0000         EPS         
j51.t15          .              .             1.0000         EPS         
j51.t16          .              .             1.0000         EPS         
j51.t17          .              .             1.0000         EPS         
j51.t18          .              .             1.0000         EPS         
j51.t19          .              .             1.0000         EPS         
j51.t20          .              .             1.0000         EPS         
j51.t21          .              .             1.0000         EPS         
j51.t22          .              .             1.0000         EPS         
j51.t23          .              .             1.0000         EPS         
j51.t24          .              .             1.0000         EPS         
j51.t25          .              .             1.0000         EPS         
j51.t26          .              .             1.0000         EPS         
j51.t27          .              .             1.0000         EPS         
j51.t28          .              .             1.0000         EPS         
j51.t29          .              .             1.0000         EPS         
j51.t30          .              .             1.0000         EPS         
j51.t31          .              .             1.0000         EPS         
j51.t32          .              .             1.0000         EPS         
j51.t33          .              .             1.0000         EPS         
j52.t0           .              .             1.0000         EPS         
j52.t1           .              .             1.0000         EPS         
j52.t2           .              .             1.0000         EPS         
j52.t3           .              .             1.0000         EPS         
j52.t4           .              .             1.0000         EPS         
j52.t5           .              .             1.0000         EPS         
j52.t6           .              .             1.0000         EPS         
j52.t7           .              .             1.0000         EPS         
j52.t8           .              .             1.0000         EPS         
j52.t9           .              .             1.0000         EPS         
j52.t10          .              .             1.0000         EPS         
j52.t11          .              .             1.0000         EPS         
j52.t12          .              .             1.0000         EPS         
j52.t13          .              .             1.0000         EPS         
j52.t14          .              .             1.0000         EPS         
j52.t15          .              .             1.0000         EPS         
GAMS 24.1.3  r41464 Released Jul 26, 2013 WEX-WEI x86_64/MS Windows                                                                                                                                                                   03/25/14 01:00:42 Page 16
G e n e r a l   A l g e b r a i c   M o d e l i n g   S y s t e m
Solution Report     SOLVE RCPSP Using MIP From line 163


     VAR x  nimmt den Wert 1 an wenn der Arbeitsgang j in Periode t beendet wird und 0 sonst

               LOWER          LEVEL          UPPER         MARGINAL

j52.t16          .              .             1.0000         EPS         
j52.t17          .              .             1.0000         EPS         
j52.t18          .              .             1.0000         EPS         
j52.t19          .             1.0000         1.0000         EPS         
j52.t20          .              .             1.0000         EPS         
j52.t21          .              .             1.0000         EPS         
j52.t22          .              .             1.0000         EPS         
j52.t23          .              .             1.0000         EPS         
j52.t24          .              .             1.0000         EPS         
j52.t25          .              .             1.0000         EPS         
j52.t26          .              .             1.0000         EPS         
j52.t27          .              .             1.0000         EPS         
j52.t28          .              .             1.0000         EPS         
j52.t29          .              .             1.0000         EPS         
j52.t30          .              .             1.0000         EPS         
j52.t31          .              .             1.0000         EPS         
j52.t32          .              .             1.0000         EPS         
j52.t33          .              .             1.0000         EPS         
j53.t0           .              .             1.0000         EPS         
j53.t1           .              .             1.0000         EPS         
j53.t2           .              .             1.0000         EPS         
j53.t3           .              .             1.0000         EPS         
j53.t4           .              .             1.0000         EPS         
j53.t5           .              .             1.0000         EPS         
j53.t6           .              .             1.0000         EPS         
j53.t7           .              .             1.0000         EPS         
j53.t8           .              .             1.0000         EPS         
j53.t9           .              .             1.0000         EPS         
j53.t10          .              .             1.0000         EPS         
j53.t11          .              .             1.0000         EPS         
j53.t12          .              .             1.0000         EPS         
j53.t13          .              .             1.0000         EPS         
j53.t14          .              .             1.0000         EPS         
j53.t15          .              .             1.0000         EPS         
j53.t16          .              .             1.0000         EPS         
j53.t17          .              .             1.0000         EPS         
j53.t18          .              .             1.0000         EPS         
j53.t19          .              .             1.0000         EPS         
j53.t20          .              .             1.0000         EPS         
j53.t21          .              .             1.0000         EPS         
j53.t22          .              .             1.0000         EPS         
j53.t23          .              .             1.0000         EPS         
j53.t24          .              .             1.0000         EPS         
j53.t25          .             1.0000         1.0000         EPS         
j53.t26          .              .             1.0000         EPS         
j53.t27          .              .             1.0000         EPS         
j53.t28          .              .             1.0000         EPS         
j53.t29          .              .             1.0000         EPS         
j53.t30          .              .             1.0000         EPS         
GAMS 24.1.3  r41464 Released Jul 26, 2013 WEX-WEI x86_64/MS Windows                                                                                                                                                                   03/25/14 01:00:42 Page 17
G e n e r a l   A l g e b r a i c   M o d e l i n g   S y s t e m
Solution Report     SOLVE RCPSP Using MIP From line 163


     VAR x  nimmt den Wert 1 an wenn der Arbeitsgang j in Periode t beendet wird und 0 sonst

               LOWER          LEVEL          UPPER         MARGINAL

j53.t31          .              .             1.0000         EPS         
j53.t32          .              .             1.0000         EPS         
j53.t33          .              .             1.0000         EPS         
j54.t0           .              .             1.0000         EPS         
j54.t1           .              .             1.0000         EPS         
j54.t2           .              .             1.0000         EPS         
j54.t3           .              .             1.0000         EPS         
j54.t4           .              .             1.0000         EPS         
j54.t5           .              .             1.0000         EPS         
j54.t6           .              .             1.0000         EPS         
j54.t7           .              .             1.0000         EPS         
j54.t8           .              .             1.0000         EPS         
j54.t9           .              .             1.0000         EPS         
j54.t10          .              .             1.0000         EPS         
j54.t11          .              .             1.0000         EPS         
j54.t12          .              .             1.0000         EPS         
j54.t13          .              .             1.0000         EPS         
j54.t14          .              .             1.0000         EPS         
j54.t15          .              .             1.0000         EPS         
j54.t16          .              .             1.0000         EPS         
j54.t17          .              .             1.0000         EPS         
j54.t18          .              .             1.0000         EPS         
j54.t19          .              .             1.0000         EPS         
j54.t20          .              .             1.0000         EPS         
j54.t21          .              .             1.0000         EPS         
j54.t22          .              .             1.0000         EPS         
j54.t23          .              .             1.0000         EPS         
j54.t24          .              .             1.0000         EPS         
j54.t25          .              .             1.0000         EPS         
j54.t26          .             1.0000         1.0000         EPS         
j54.t27          .              .             1.0000         EPS         
j54.t28          .              .             1.0000         EPS         
j54.t29          .              .             1.0000         EPS         
j54.t30          .              .             1.0000         EPS         
j54.t31          .              .             1.0000         EPS         
j54.t32          .              .             1.0000         EPS         
j54.t33          .              .             1.0000         EPS         
S  .t0           .              .             1.0000         EPS         
S  .t1           .              .             1.0000         1.0000      
S  .t2           .              .             1.0000         2.0000      
S  .t3           .              .             1.0000         3.0000      
S  .t4           .              .             1.0000         4.0000      
S  .t5           .              .             1.0000         5.0000      
S  .t6           .              .             1.0000         6.0000      
S  .t7           .              .             1.0000         7.0000      
S  .t8           .              .             1.0000         8.0000      
S  .t9           .              .             1.0000         9.0000      
S  .t10          .              .             1.0000        10.0000      
S  .t11          .              .             1.0000        11.0000      
GAMS 24.1.3  r41464 Released Jul 26, 2013 WEX-WEI x86_64/MS Windows                                                                                                                                                                   03/25/14 01:00:42 Page 18
G e n e r a l   A l g e b r a i c   M o d e l i n g   S y s t e m
Solution Report     SOLVE RCPSP Using MIP From line 163


     VAR x  nimmt den Wert 1 an wenn der Arbeitsgang j in Periode t beendet wird und 0 sonst

               LOWER          LEVEL          UPPER         MARGINAL

S  .t12          .              .             1.0000        12.0000      
S  .t13          .              .             1.0000        13.0000      
S  .t14          .              .             1.0000        14.0000      
S  .t15          .              .             1.0000        15.0000      
S  .t16          .              .             1.0000        16.0000      
S  .t17          .              .             1.0000        17.0000      
S  .t18          .              .             1.0000        18.0000      
S  .t19          .              .             1.0000        19.0000      
S  .t20          .              .             1.0000        20.0000      
S  .t21          .              .             1.0000        21.0000      
S  .t22          .              .             1.0000        22.0000      
S  .t23          .              .             1.0000        23.0000      
S  .t24          .              .             1.0000        24.0000      
S  .t25          .              .             1.0000        25.0000      
S  .t26          .             1.0000         1.0000        26.0000      
S  .t27          .              .             1.0000        27.0000      
S  .t28          .              .             1.0000        28.0000      
S  .t29          .              .             1.0000        29.0000      
S  .t30          .              .             1.0000        30.0000      
S  .t31          .              .             1.0000        31.0000      
S  .t32          .              .             1.0000        32.0000      
S  .t33          .              .             1.0000        33.0000      

                           LOWER          LEVEL          UPPER         MARGINAL

---- VAR z                 -INF           26.0000        +INF             .          

  z  Zielfunktionswert


**** REPORT SUMMARY :        0     NONOPT
                             0 INFEASIBLE
                             0  UNBOUNDED
GAMS 24.1.3  r41464 Released Jul 26, 2013 WEX-WEI x86_64/MS Windows                                                                                                                                                                   03/25/14 01:00:42 Page 19
G e n e r a l   A l g e b r a i c   M o d e l i n g   S y s t e m
E x e c u t i o n


----    165 VARIABLE x.L  nimmt den Wert 1 an wenn der Arbeitsgang j in Periode t beendet wird und 0 sonst

             t0          t2          t6          t8         t13         t14         t15         t19         t25         t26

Q         1.000
j46                   1.000
j47                               1.000
j48                                           1.000
j49                                                       1.000
j50                                                                               1.000
j51                                                                   1.000
j52                                                                                           1.000
j53                                                                                                       1.000
j54                                                                                                                   1.000
S                                                                                                                     1.000


**** REPORT FILE SUMMARY

Outputfile C:\Sites\RCPSP23\Outputfile.txt


EXECUTION TIME       =        0.000 SECONDS      3 MB  24.1.3 r41464 WEX-WEI


USER: Kurslizenz                                     S130222/0001AN-GEN
      Leibniz University Hannover, Lehrstuhl fuer ProduktionswirtDC6657
      License for teaching and research at degree granting institutions


**** FILE SUMMARY

Input      C:\Sites\RCPSP23\RCPSP_Modell.gms
Output     C:\Sites\RCPSP23\RCPSP_Modell.lst
